// Jest Snapshot v1, https://goo.gl/fbAQLP

exports[`проверка кнопки 'редактировать' 1`] = `
Array [
  <div>
    <button
      id="allBtn"
      onClick={[Function]}
    >
      Все
    </button>
    <button
      id="activeBtn"
      onClick={[Function]}
    >
      Активные
    </button>
    <button
      id="blockedBtn"
      onClick={[Function]}
    >
      Заблокированные
    </button>
  </div>,
  <div>
    <table>
      <tbody>
        <tr>
          <th>
            Фамилия
          </th>
          <th>
            Имя
          </th>
          <th>
            Отчество
          </th>
          <th>
            Баланс
          </th>
          <th>
            Статус
          </th>
          <th>
            Редактировать
          </th>
          <th>
            Удалить
          </th>
        </tr>
        <tr>
          <td>
            Ivan
          </td>
          <td>
            Ivanov
          </td>
          <td>
            Ivanovich
          </td>
          <td>
            200
          </td>
          <td>
            active
          </td>
          <td>
            <button
              id="editBtn"
              onClick={[Function]}
            >
              Редактировать
            </button>
          </td>
          <td>
            <button
              id="deleteBtn"
              onClick={[Function]}
            >
              Удалить
            </button>
          </td>
        </tr>
        <tr>
          <td>
            Petr
          </td>
          <td>
            Petrov
          </td>
          <td>
            Petrovich
          </td>
          <td>
            100
          </td>
          <td>
            active
          </td>
          <td>
            <button
              id="editBtn"
              onClick={[Function]}
            >
              Редактировать
            </button>
          </td>
          <td>
            <button
              id="deleteBtn"
              onClick={[Function]}
            >
              Удалить
            </button>
          </td>
        </tr>
        <tr>
          <td>
            Sidor
          </td>
          <td>
            Sidorov
          </td>
          <td>
            Sidorovich
          </td>
          <td>
            50
          </td>
          <td>
            active
          </td>
          <td>
            <button
              id="editBtn"
              onClick={[Function]}
            >
              Редактировать
            </button>
          </td>
          <td>
            <button
              id="deleteBtn"
              onClick={[Function]}
            >
              Удалить
            </button>
          </td>
        </tr>
        <tr>
          <td>
            Dmitrij
          </td>
          <td>
            Dmitrijev
          </td>
          <td>
            Dmitrievich
          </td>
          <td>
            -100
          </td>
          <td>
            blocked
          </td>
          <td>
            <button
              id="editBtn"
              onClick={[Function]}
            >
              Редактировать
            </button>
          </td>
          <td>
            <button
              id="deleteBtn"
              onClick={[Function]}
            >
              Удалить
            </button>
          </td>
        </tr>
        <tr>
          <td>
            Nikolay
          </td>
          <td>
            Nikolayev
          </td>
          <td>
            Nikolaevich
          </td>
          <td>
            70
          </td>
          <td>
            active
          </td>
          <td>
            <button
              id="editBtn"
              onClick={[Function]}
            >
              Редактировать
            </button>
          </td>
          <td>
            <button
              id="deleteBtn"
              onClick={[Function]}
            >
              Удалить
            </button>
          </td>
        </tr>
      </tbody>
    </table>
    <button
      onClick={[Function]}
    >
      Добавить клиента
    </button>
  </div>,
]
`;

exports[`проверка кнопки 'редактировать' 2`] = `
Array [
  <div>
    <button
      id="allBtn"
      onClick={[Function]}
    >
      Все
    </button>
    <button
      id="activeBtn"
      onClick={[Function]}
    >
      Активные
    </button>
    <button
      id="blockedBtn"
      onClick={[Function]}
    >
      Заблокированные
    </button>
  </div>,
  <div>
    <table>
      <tbody>
        <tr>
          <th>
            Фамилия
          </th>
          <th>
            Имя
          </th>
          <th>
            Отчество
          </th>
          <th>
            Баланс
          </th>
          <th>
            Статус
          </th>
          <th>
            Редактировать
          </th>
          <th>
            Удалить
          </th>
        </tr>
        <tr>
          <td>
            <input
              defaultValue="Ivan"
              type="text"
            />
          </td>
          <td>
            <input
              defaultValue="Ivanov"
              type="text"
            />
          </td>
          <td>
            <input
              defaultValue="Ivanovich"
              type="text"
            />
          </td>
          <td>
            <input
              defaultValue={200}
              type="number"
            />
          </td>
          <td>
            active
          </td>
          <td>
            <button
              id="saveChngBtn"
              onClick={[Function]}
            >
              Сохранить
            </button>
          </td>
          <td>
            <button
              id="cancelChngBtn"
              onClick={[Function]}
            >
              Отмена
            </button>
          </td>
        </tr>
        <tr>
          <td>
            Petr
          </td>
          <td>
            Petrov
          </td>
          <td>
            Petrovich
          </td>
          <td>
            100
          </td>
          <td>
            active
          </td>
          <td>
            <button
              id="editBtn"
              onClick={[Function]}
            >
              Редактировать
            </button>
          </td>
          <td>
            <button
              id="deleteBtn"
              onClick={[Function]}
            >
              Удалить
            </button>
          </td>
        </tr>
        <tr>
          <td>
            Sidor
          </td>
          <td>
            Sidorov
          </td>
          <td>
            Sidorovich
          </td>
          <td>
            50
          </td>
          <td>
            active
          </td>
          <td>
            <button
              id="editBtn"
              onClick={[Function]}
            >
              Редактировать
            </button>
          </td>
          <td>
            <button
              id="deleteBtn"
              onClick={[Function]}
            >
              Удалить
            </button>
          </td>
        </tr>
        <tr>
          <td>
            Dmitrij
          </td>
          <td>
            Dmitrijev
          </td>
          <td>
            Dmitrievich
          </td>
          <td>
            -100
          </td>
          <td>
            blocked
          </td>
          <td>
            <button
              id="editBtn"
              onClick={[Function]}
            >
              Редактировать
            </button>
          </td>
          <td>
            <button
              id="deleteBtn"
              onClick={[Function]}
            >
              Удалить
            </button>
          </td>
        </tr>
        <tr>
          <td>
            Nikolay
          </td>
          <td>
            Nikolayev
          </td>
          <td>
            Nikolaevich
          </td>
          <td>
            70
          </td>
          <td>
            active
          </td>
          <td>
            <button
              id="editBtn"
              onClick={[Function]}
            >
              Редактировать
            </button>
          </td>
          <td>
            <button
              id="deleteBtn"
              onClick={[Function]}
            >
              Удалить
            </button>
          </td>
        </tr>
      </tbody>
    </table>
    <button
      onClick={[Function]}
    >
      Добавить клиента
    </button>
  </div>,
]
`;

exports[`проверка кнопки 'редактировать' 3`] = `
Array [
  <div>
    <button
      id="allBtn"
      onClick={[Function]}
    >
      Все
    </button>
    <button
      id="activeBtn"
      onClick={[Function]}
    >
      Активные
    </button>
    <button
      id="blockedBtn"
      onClick={[Function]}
    >
      Заблокированные
    </button>
  </div>,
  <div>
    <table>
      <tbody>
        <tr>
          <th>
            Фамилия
          </th>
          <th>
            Имя
          </th>
          <th>
            Отчество
          </th>
          <th>
            Баланс
          </th>
          <th>
            Статус
          </th>
          <th>
            Редактировать
          </th>
          <th>
            Удалить
          </th>
        </tr>
        <tr>
          <td>
            Ivan
          </td>
          <td>
            Ivanov
          </td>
          <td>
            Ivanovich
          </td>
          <td>
            200
          </td>
          <td>
            active
          </td>
          <td>
            <button
              id="editBtn"
              onClick={[Function]}
            >
              Редактировать
            </button>
          </td>
          <td>
            <button
              id="deleteBtn"
              onClick={[Function]}
            >
              Удалить
            </button>
          </td>
        </tr>
        <tr>
          <td>
            Petr
          </td>
          <td>
            Petrov
          </td>
          <td>
            Petrovich
          </td>
          <td>
            100
          </td>
          <td>
            active
          </td>
          <td>
            <button
              id="editBtn"
              onClick={[Function]}
            >
              Редактировать
            </button>
          </td>
          <td>
            <button
              id="deleteBtn"
              onClick={[Function]}
            >
              Удалить
            </button>
          </td>
        </tr>
        <tr>
          <td>
            Sidor
          </td>
          <td>
            Sidorov
          </td>
          <td>
            Sidorovich
          </td>
          <td>
            50
          </td>
          <td>
            active
          </td>
          <td>
            <button
              id="editBtn"
              onClick={[Function]}
            >
              Редактировать
            </button>
          </td>
          <td>
            <button
              id="deleteBtn"
              onClick={[Function]}
            >
              Удалить
            </button>
          </td>
        </tr>
        <tr>
          <td>
            Dmitrij
          </td>
          <td>
            Dmitrijev
          </td>
          <td>
            Dmitrievich
          </td>
          <td>
            -100
          </td>
          <td>
            blocked
          </td>
          <td>
            <button
              id="editBtn"
              onClick={[Function]}
            >
              Редактировать
            </button>
          </td>
          <td>
            <button
              id="deleteBtn"
              onClick={[Function]}
            >
              Удалить
            </button>
          </td>
        </tr>
        <tr>
          <td>
            Nikolay
          </td>
          <td>
            Nikolayev
          </td>
          <td>
            Nikolaevich
          </td>
          <td>
            70
          </td>
          <td>
            active
          </td>
          <td>
            <button
              id="editBtn"
              onClick={[Function]}
            >
              Редактировать
            </button>
          </td>
          <td>
            <button
              id="deleteBtn"
              onClick={[Function]}
            >
              Удалить
            </button>
          </td>
        </tr>
      </tbody>
    </table>
    <button
      onClick={[Function]}
    >
      Добавить клиента
    </button>
  </div>,
]
`;

exports[`проверка кнопки 'редактировать' 4`] = `
Array [
  <div>
    <button
      id="allBtn"
      onClick={[Function]}
    >
      Все
    </button>
    <button
      id="activeBtn"
      onClick={[Function]}
    >
      Активные
    </button>
    <button
      id="blockedBtn"
      onClick={[Function]}
    >
      Заблокированные
    </button>
  </div>,
  <div>
    <table>
      <tbody>
        <tr>
          <th>
            Фамилия
          </th>
          <th>
            Имя
          </th>
          <th>
            Отчество
          </th>
          <th>
            Баланс
          </th>
          <th>
            Статус
          </th>
          <th>
            Редактировать
          </th>
          <th>
            Удалить
          </th>
        </tr>
        <tr>
          <td>
            Ivan
          </td>
          <td>
            Ivanov
          </td>
          <td>
            Ivanovich
          </td>
          <td>
            200
          </td>
          <td>
            active
          </td>
          <td>
            <button
              id="editBtn"
              onClick={[Function]}
            >
              Редактировать
            </button>
          </td>
          <td>
            <button
              id="deleteBtn"
              onClick={[Function]}
            >
              Удалить
            </button>
          </td>
        </tr>
        <tr>
          <td>
            <input
              defaultValue="Petr"
              type="text"
            />
          </td>
          <td>
            <input
              defaultValue="Petrov"
              type="text"
            />
          </td>
          <td>
            <input
              defaultValue="Petrovich"
              type="text"
            />
          </td>
          <td>
            <input
              defaultValue={100}
              type="number"
            />
          </td>
          <td>
            active
          </td>
          <td>
            <button
              id="saveChngBtn"
              onClick={[Function]}
            >
              Сохранить
            </button>
          </td>
          <td>
            <button
              id="cancelChngBtn"
              onClick={[Function]}
            >
              Отмена
            </button>
          </td>
        </tr>
        <tr>
          <td>
            Sidor
          </td>
          <td>
            Sidorov
          </td>
          <td>
            Sidorovich
          </td>
          <td>
            50
          </td>
          <td>
            active
          </td>
          <td>
            <button
              id="editBtn"
              onClick={[Function]}
            >
              Редактировать
            </button>
          </td>
          <td>
            <button
              id="deleteBtn"
              onClick={[Function]}
            >
              Удалить
            </button>
          </td>
        </tr>
        <tr>
          <td>
            Dmitrij
          </td>
          <td>
            Dmitrijev
          </td>
          <td>
            Dmitrievich
          </td>
          <td>
            -100
          </td>
          <td>
            blocked
          </td>
          <td>
            <button
              id="editBtn"
              onClick={[Function]}
            >
              Редактировать
            </button>
          </td>
          <td>
            <button
              id="deleteBtn"
              onClick={[Function]}
            >
              Удалить
            </button>
          </td>
        </tr>
        <tr>
          <td>
            Nikolay
          </td>
          <td>
            Nikolayev
          </td>
          <td>
            Nikolaevich
          </td>
          <td>
            70
          </td>
          <td>
            active
          </td>
          <td>
            <button
              id="editBtn"
              onClick={[Function]}
            >
              Редактировать
            </button>
          </td>
          <td>
            <button
              id="deleteBtn"
              onClick={[Function]}
            >
              Удалить
            </button>
          </td>
        </tr>
      </tbody>
    </table>
    <button
      onClick={[Function]}
    >
      Добавить клиента
    </button>
  </div>,
]
`;

exports[`проверка кнопки 'редактировать' 5`] = `
Array [
  <div>
    <button
      id="allBtn"
      onClick={[Function]}
    >
      Все
    </button>
    <button
      id="activeBtn"
      onClick={[Function]}
    >
      Активные
    </button>
    <button
      id="blockedBtn"
      onClick={[Function]}
    >
      Заблокированные
    </button>
  </div>,
  <div>
    <table>
      <tbody>
        <tr>
          <th>
            Фамилия
          </th>
          <th>
            Имя
          </th>
          <th>
            Отчество
          </th>
          <th>
            Баланс
          </th>
          <th>
            Статус
          </th>
          <th>
            Редактировать
          </th>
          <th>
            Удалить
          </th>
        </tr>
        <tr>
          <td>
            Ivan
          </td>
          <td>
            Ivanov
          </td>
          <td>
            Ivanovich
          </td>
          <td>
            200
          </td>
          <td>
            active
          </td>
          <td>
            <button
              id="editBtn"
              onClick={[Function]}
            >
              Редактировать
            </button>
          </td>
          <td>
            <button
              id="deleteBtn"
              onClick={[Function]}
            >
              Удалить
            </button>
          </td>
        </tr>
        <tr>
          <td>
            Petr
          </td>
          <td>
            Petrov
          </td>
          <td>
            Petrovich
          </td>
          <td>
            100
          </td>
          <td>
            active
          </td>
          <td>
            <button
              id="editBtn"
              onClick={[Function]}
            >
              Редактировать
            </button>
          </td>
          <td>
            <button
              id="deleteBtn"
              onClick={[Function]}
            >
              Удалить
            </button>
          </td>
        </tr>
        <tr>
          <td>
            Sidor
          </td>
          <td>
            Sidorov
          </td>
          <td>
            Sidorovich
          </td>
          <td>
            50
          </td>
          <td>
            active
          </td>
          <td>
            <button
              id="editBtn"
              onClick={[Function]}
            >
              Редактировать
            </button>
          </td>
          <td>
            <button
              id="deleteBtn"
              onClick={[Function]}
            >
              Удалить
            </button>
          </td>
        </tr>
        <tr>
          <td>
            Dmitrij
          </td>
          <td>
            Dmitrijev
          </td>
          <td>
            Dmitrievich
          </td>
          <td>
            -100
          </td>
          <td>
            blocked
          </td>
          <td>
            <button
              id="editBtn"
              onClick={[Function]}
            >
              Редактировать
            </button>
          </td>
          <td>
            <button
              id="deleteBtn"
              onClick={[Function]}
            >
              Удалить
            </button>
          </td>
        </tr>
        <tr>
          <td>
            Nikolay
          </td>
          <td>
            Nikolayev
          </td>
          <td>
            Nikolaevich
          </td>
          <td>
            70
          </td>
          <td>
            active
          </td>
          <td>
            <button
              id="editBtn"
              onClick={[Function]}
            >
              Редактировать
            </button>
          </td>
          <td>
            <button
              id="deleteBtn"
              onClick={[Function]}
            >
              Удалить
            </button>
          </td>
        </tr>
      </tbody>
    </table>
    <button
      onClick={[Function]}
    >
      Добавить клиента
    </button>
  </div>,
]
`;

exports[`проверка кнопки 'редактировать' 6`] = `
Array [
  <div>
    <button
      id="allBtn"
      onClick={[Function]}
    >
      Все
    </button>
    <button
      id="activeBtn"
      onClick={[Function]}
    >
      Активные
    </button>
    <button
      id="blockedBtn"
      onClick={[Function]}
    >
      Заблокированные
    </button>
  </div>,
  <div>
    <table>
      <tbody>
        <tr>
          <th>
            Фамилия
          </th>
          <th>
            Имя
          </th>
          <th>
            Отчество
          </th>
          <th>
            Баланс
          </th>
          <th>
            Статус
          </th>
          <th>
            Редактировать
          </th>
          <th>
            Удалить
          </th>
        </tr>
        <tr>
          <td>
            Ivan
          </td>
          <td>
            Ivanov
          </td>
          <td>
            Ivanovich
          </td>
          <td>
            200
          </td>
          <td>
            active
          </td>
          <td>
            <button
              id="editBtn"
              onClick={[Function]}
            >
              Редактировать
            </button>
          </td>
          <td>
            <button
              id="deleteBtn"
              onClick={[Function]}
            >
              Удалить
            </button>
          </td>
        </tr>
        <tr>
          <td>
            Petr
          </td>
          <td>
            Petrov
          </td>
          <td>
            Petrovich
          </td>
          <td>
            100
          </td>
          <td>
            active
          </td>
          <td>
            <button
              id="editBtn"
              onClick={[Function]}
            >
              Редактировать
            </button>
          </td>
          <td>
            <button
              id="deleteBtn"
              onClick={[Function]}
            >
              Удалить
            </button>
          </td>
        </tr>
        <tr>
          <td>
            <input
              defaultValue="Sidor"
              type="text"
            />
          </td>
          <td>
            <input
              defaultValue="Sidorov"
              type="text"
            />
          </td>
          <td>
            <input
              defaultValue="Sidorovich"
              type="text"
            />
          </td>
          <td>
            <input
              defaultValue={50}
              type="number"
            />
          </td>
          <td>
            active
          </td>
          <td>
            <button
              id="saveChngBtn"
              onClick={[Function]}
            >
              Сохранить
            </button>
          </td>
          <td>
            <button
              id="cancelChngBtn"
              onClick={[Function]}
            >
              Отмена
            </button>
          </td>
        </tr>
        <tr>
          <td>
            Dmitrij
          </td>
          <td>
            Dmitrijev
          </td>
          <td>
            Dmitrievich
          </td>
          <td>
            -100
          </td>
          <td>
            blocked
          </td>
          <td>
            <button
              id="editBtn"
              onClick={[Function]}
            >
              Редактировать
            </button>
          </td>
          <td>
            <button
              id="deleteBtn"
              onClick={[Function]}
            >
              Удалить
            </button>
          </td>
        </tr>
        <tr>
          <td>
            Nikolay
          </td>
          <td>
            Nikolayev
          </td>
          <td>
            Nikolaevich
          </td>
          <td>
            70
          </td>
          <td>
            active
          </td>
          <td>
            <button
              id="editBtn"
              onClick={[Function]}
            >
              Редактировать
            </button>
          </td>
          <td>
            <button
              id="deleteBtn"
              onClick={[Function]}
            >
              Удалить
            </button>
          </td>
        </tr>
      </tbody>
    </table>
    <button
      onClick={[Function]}
    >
      Добавить клиента
    </button>
  </div>,
]
`;

exports[`проверка кнопки 'редактировать' 7`] = `
Array [
  <div>
    <button
      id="allBtn"
      onClick={[Function]}
    >
      Все
    </button>
    <button
      id="activeBtn"
      onClick={[Function]}
    >
      Активные
    </button>
    <button
      id="blockedBtn"
      onClick={[Function]}
    >
      Заблокированные
    </button>
  </div>,
  <div>
    <table>
      <tbody>
        <tr>
          <th>
            Фамилия
          </th>
          <th>
            Имя
          </th>
          <th>
            Отчество
          </th>
          <th>
            Баланс
          </th>
          <th>
            Статус
          </th>
          <th>
            Редактировать
          </th>
          <th>
            Удалить
          </th>
        </tr>
        <tr>
          <td>
            Ivan
          </td>
          <td>
            Ivanov
          </td>
          <td>
            Ivanovich
          </td>
          <td>
            200
          </td>
          <td>
            active
          </td>
          <td>
            <button
              id="editBtn"
              onClick={[Function]}
            >
              Редактировать
            </button>
          </td>
          <td>
            <button
              id="deleteBtn"
              onClick={[Function]}
            >
              Удалить
            </button>
          </td>
        </tr>
        <tr>
          <td>
            Petr
          </td>
          <td>
            Petrov
          </td>
          <td>
            Petrovich
          </td>
          <td>
            100
          </td>
          <td>
            active
          </td>
          <td>
            <button
              id="editBtn"
              onClick={[Function]}
            >
              Редактировать
            </button>
          </td>
          <td>
            <button
              id="deleteBtn"
              onClick={[Function]}
            >
              Удалить
            </button>
          </td>
        </tr>
        <tr>
          <td>
            Sidor
          </td>
          <td>
            Sidorov
          </td>
          <td>
            Sidorovich
          </td>
          <td>
            50
          </td>
          <td>
            active
          </td>
          <td>
            <button
              id="editBtn"
              onClick={[Function]}
            >
              Редактировать
            </button>
          </td>
          <td>
            <button
              id="deleteBtn"
              onClick={[Function]}
            >
              Удалить
            </button>
          </td>
        </tr>
        <tr>
          <td>
            Dmitrij
          </td>
          <td>
            Dmitrijev
          </td>
          <td>
            Dmitrievich
          </td>
          <td>
            -100
          </td>
          <td>
            blocked
          </td>
          <td>
            <button
              id="editBtn"
              onClick={[Function]}
            >
              Редактировать
            </button>
          </td>
          <td>
            <button
              id="deleteBtn"
              onClick={[Function]}
            >
              Удалить
            </button>
          </td>
        </tr>
        <tr>
          <td>
            Nikolay
          </td>
          <td>
            Nikolayev
          </td>
          <td>
            Nikolaevich
          </td>
          <td>
            70
          </td>
          <td>
            active
          </td>
          <td>
            <button
              id="editBtn"
              onClick={[Function]}
            >
              Редактировать
            </button>
          </td>
          <td>
            <button
              id="deleteBtn"
              onClick={[Function]}
            >
              Удалить
            </button>
          </td>
        </tr>
      </tbody>
    </table>
    <button
      onClick={[Function]}
    >
      Добавить клиента
    </button>
  </div>,
]
`;

exports[`проверка кнопки 'редактировать' 8`] = `
Array [
  <div>
    <button
      id="allBtn"
      onClick={[Function]}
    >
      Все
    </button>
    <button
      id="activeBtn"
      onClick={[Function]}
    >
      Активные
    </button>
    <button
      id="blockedBtn"
      onClick={[Function]}
    >
      Заблокированные
    </button>
  </div>,
  <div>
    <table>
      <tbody>
        <tr>
          <th>
            Фамилия
          </th>
          <th>
            Имя
          </th>
          <th>
            Отчество
          </th>
          <th>
            Баланс
          </th>
          <th>
            Статус
          </th>
          <th>
            Редактировать
          </th>
          <th>
            Удалить
          </th>
        </tr>
        <tr>
          <td>
            Ivan
          </td>
          <td>
            Ivanov
          </td>
          <td>
            Ivanovich
          </td>
          <td>
            200
          </td>
          <td>
            active
          </td>
          <td>
            <button
              id="editBtn"
              onClick={[Function]}
            >
              Редактировать
            </button>
          </td>
          <td>
            <button
              id="deleteBtn"
              onClick={[Function]}
            >
              Удалить
            </button>
          </td>
        </tr>
        <tr>
          <td>
            Petr
          </td>
          <td>
            Petrov
          </td>
          <td>
            Petrovich
          </td>
          <td>
            100
          </td>
          <td>
            active
          </td>
          <td>
            <button
              id="editBtn"
              onClick={[Function]}
            >
              Редактировать
            </button>
          </td>
          <td>
            <button
              id="deleteBtn"
              onClick={[Function]}
            >
              Удалить
            </button>
          </td>
        </tr>
        <tr>
          <td>
            Sidor
          </td>
          <td>
            Sidorov
          </td>
          <td>
            Sidorovich
          </td>
          <td>
            50
          </td>
          <td>
            active
          </td>
          <td>
            <button
              id="editBtn"
              onClick={[Function]}
            >
              Редактировать
            </button>
          </td>
          <td>
            <button
              id="deleteBtn"
              onClick={[Function]}
            >
              Удалить
            </button>
          </td>
        </tr>
        <tr>
          <td>
            <input
              defaultValue="Dmitrij"
              type="text"
            />
          </td>
          <td>
            <input
              defaultValue="Dmitrijev"
              type="text"
            />
          </td>
          <td>
            <input
              defaultValue="Dmitrievich"
              type="text"
            />
          </td>
          <td>
            <input
              defaultValue={-100}
              type="number"
            />
          </td>
          <td>
            blocked
          </td>
          <td>
            <button
              id="saveChngBtn"
              onClick={[Function]}
            >
              Сохранить
            </button>
          </td>
          <td>
            <button
              id="cancelChngBtn"
              onClick={[Function]}
            >
              Отмена
            </button>
          </td>
        </tr>
        <tr>
          <td>
            Nikolay
          </td>
          <td>
            Nikolayev
          </td>
          <td>
            Nikolaevich
          </td>
          <td>
            70
          </td>
          <td>
            active
          </td>
          <td>
            <button
              id="editBtn"
              onClick={[Function]}
            >
              Редактировать
            </button>
          </td>
          <td>
            <button
              id="deleteBtn"
              onClick={[Function]}
            >
              Удалить
            </button>
          </td>
        </tr>
      </tbody>
    </table>
    <button
      onClick={[Function]}
    >
      Добавить клиента
    </button>
  </div>,
]
`;

exports[`проверка кнопки 'редактировать' 9`] = `
Array [
  <div>
    <button
      id="allBtn"
      onClick={[Function]}
    >
      Все
    </button>
    <button
      id="activeBtn"
      onClick={[Function]}
    >
      Активные
    </button>
    <button
      id="blockedBtn"
      onClick={[Function]}
    >
      Заблокированные
    </button>
  </div>,
  <div>
    <table>
      <tbody>
        <tr>
          <th>
            Фамилия
          </th>
          <th>
            Имя
          </th>
          <th>
            Отчество
          </th>
          <th>
            Баланс
          </th>
          <th>
            Статус
          </th>
          <th>
            Редактировать
          </th>
          <th>
            Удалить
          </th>
        </tr>
        <tr>
          <td>
            Ivan
          </td>
          <td>
            Ivanov
          </td>
          <td>
            Ivanovich
          </td>
          <td>
            200
          </td>
          <td>
            active
          </td>
          <td>
            <button
              id="editBtn"
              onClick={[Function]}
            >
              Редактировать
            </button>
          </td>
          <td>
            <button
              id="deleteBtn"
              onClick={[Function]}
            >
              Удалить
            </button>
          </td>
        </tr>
        <tr>
          <td>
            Petr
          </td>
          <td>
            Petrov
          </td>
          <td>
            Petrovich
          </td>
          <td>
            100
          </td>
          <td>
            active
          </td>
          <td>
            <button
              id="editBtn"
              onClick={[Function]}
            >
              Редактировать
            </button>
          </td>
          <td>
            <button
              id="deleteBtn"
              onClick={[Function]}
            >
              Удалить
            </button>
          </td>
        </tr>
        <tr>
          <td>
            Sidor
          </td>
          <td>
            Sidorov
          </td>
          <td>
            Sidorovich
          </td>
          <td>
            50
          </td>
          <td>
            active
          </td>
          <td>
            <button
              id="editBtn"
              onClick={[Function]}
            >
              Редактировать
            </button>
          </td>
          <td>
            <button
              id="deleteBtn"
              onClick={[Function]}
            >
              Удалить
            </button>
          </td>
        </tr>
        <tr>
          <td>
            Dmitrij
          </td>
          <td>
            Dmitrijev
          </td>
          <td>
            Dmitrievich
          </td>
          <td>
            -100
          </td>
          <td>
            blocked
          </td>
          <td>
            <button
              id="editBtn"
              onClick={[Function]}
            >
              Редактировать
            </button>
          </td>
          <td>
            <button
              id="deleteBtn"
              onClick={[Function]}
            >
              Удалить
            </button>
          </td>
        </tr>
        <tr>
          <td>
            Nikolay
          </td>
          <td>
            Nikolayev
          </td>
          <td>
            Nikolaevich
          </td>
          <td>
            70
          </td>
          <td>
            active
          </td>
          <td>
            <button
              id="editBtn"
              onClick={[Function]}
            >
              Редактировать
            </button>
          </td>
          <td>
            <button
              id="deleteBtn"
              onClick={[Function]}
            >
              Удалить
            </button>
          </td>
        </tr>
      </tbody>
    </table>
    <button
      onClick={[Function]}
    >
      Добавить клиента
    </button>
  </div>,
]
`;

exports[`проверка кнопки 'редактировать' 10`] = `
Array [
  <div>
    <button
      id="allBtn"
      onClick={[Function]}
    >
      Все
    </button>
    <button
      id="activeBtn"
      onClick={[Function]}
    >
      Активные
    </button>
    <button
      id="blockedBtn"
      onClick={[Function]}
    >
      Заблокированные
    </button>
  </div>,
  <div>
    <table>
      <tbody>
        <tr>
          <th>
            Фамилия
          </th>
          <th>
            Имя
          </th>
          <th>
            Отчество
          </th>
          <th>
            Баланс
          </th>
          <th>
            Статус
          </th>
          <th>
            Редактировать
          </th>
          <th>
            Удалить
          </th>
        </tr>
        <tr>
          <td>
            Ivan
          </td>
          <td>
            Ivanov
          </td>
          <td>
            Ivanovich
          </td>
          <td>
            200
          </td>
          <td>
            active
          </td>
          <td>
            <button
              id="editBtn"
              onClick={[Function]}
            >
              Редактировать
            </button>
          </td>
          <td>
            <button
              id="deleteBtn"
              onClick={[Function]}
            >
              Удалить
            </button>
          </td>
        </tr>
        <tr>
          <td>
            Petr
          </td>
          <td>
            Petrov
          </td>
          <td>
            Petrovich
          </td>
          <td>
            100
          </td>
          <td>
            active
          </td>
          <td>
            <button
              id="editBtn"
              onClick={[Function]}
            >
              Редактировать
            </button>
          </td>
          <td>
            <button
              id="deleteBtn"
              onClick={[Function]}
            >
              Удалить
            </button>
          </td>
        </tr>
        <tr>
          <td>
            Sidor
          </td>
          <td>
            Sidorov
          </td>
          <td>
            Sidorovich
          </td>
          <td>
            50
          </td>
          <td>
            active
          </td>
          <td>
            <button
              id="editBtn"
              onClick={[Function]}
            >
              Редактировать
            </button>
          </td>
          <td>
            <button
              id="deleteBtn"
              onClick={[Function]}
            >
              Удалить
            </button>
          </td>
        </tr>
        <tr>
          <td>
            Dmitrij
          </td>
          <td>
            Dmitrijev
          </td>
          <td>
            Dmitrievich
          </td>
          <td>
            -100
          </td>
          <td>
            blocked
          </td>
          <td>
            <button
              id="editBtn"
              onClick={[Function]}
            >
              Редактировать
            </button>
          </td>
          <td>
            <button
              id="deleteBtn"
              onClick={[Function]}
            >
              Удалить
            </button>
          </td>
        </tr>
        <tr>
          <td>
            <input
              defaultValue="Nikolay"
              type="text"
            />
          </td>
          <td>
            <input
              defaultValue="Nikolayev"
              type="text"
            />
          </td>
          <td>
            <input
              defaultValue="Nikolaevich"
              type="text"
            />
          </td>
          <td>
            <input
              defaultValue={70}
              type="number"
            />
          </td>
          <td>
            active
          </td>
          <td>
            <button
              id="saveChngBtn"
              onClick={[Function]}
            >
              Сохранить
            </button>
          </td>
          <td>
            <button
              id="cancelChngBtn"
              onClick={[Function]}
            >
              Отмена
            </button>
          </td>
        </tr>
      </tbody>
    </table>
    <button
      onClick={[Function]}
    >
      Добавить клиента
    </button>
  </div>,
]
`;

exports[`проверка кнопки 'редактировать' 11`] = `
Array [
  <div>
    <button
      id="allBtn"
      onClick={[Function]}
    >
      Все
    </button>
    <button
      id="activeBtn"
      onClick={[Function]}
    >
      Активные
    </button>
    <button
      id="blockedBtn"
      onClick={[Function]}
    >
      Заблокированные
    </button>
  </div>,
  <div>
    <table>
      <tbody>
        <tr>
          <th>
            Фамилия
          </th>
          <th>
            Имя
          </th>
          <th>
            Отчество
          </th>
          <th>
            Баланс
          </th>
          <th>
            Статус
          </th>
          <th>
            Редактировать
          </th>
          <th>
            Удалить
          </th>
        </tr>
        <tr>
          <td>
            Ivan
          </td>
          <td>
            Ivanov
          </td>
          <td>
            Ivanovich
          </td>
          <td>
            200
          </td>
          <td>
            active
          </td>
          <td>
            <button
              id="editBtn"
              onClick={[Function]}
            >
              Редактировать
            </button>
          </td>
          <td>
            <button
              id="deleteBtn"
              onClick={[Function]}
            >
              Удалить
            </button>
          </td>
        </tr>
        <tr>
          <td>
            Petr
          </td>
          <td>
            Petrov
          </td>
          <td>
            Petrovich
          </td>
          <td>
            100
          </td>
          <td>
            active
          </td>
          <td>
            <button
              id="editBtn"
              onClick={[Function]}
            >
              Редактировать
            </button>
          </td>
          <td>
            <button
              id="deleteBtn"
              onClick={[Function]}
            >
              Удалить
            </button>
          </td>
        </tr>
        <tr>
          <td>
            Sidor
          </td>
          <td>
            Sidorov
          </td>
          <td>
            Sidorovich
          </td>
          <td>
            50
          </td>
          <td>
            active
          </td>
          <td>
            <button
              id="editBtn"
              onClick={[Function]}
            >
              Редактировать
            </button>
          </td>
          <td>
            <button
              id="deleteBtn"
              onClick={[Function]}
            >
              Удалить
            </button>
          </td>
        </tr>
        <tr>
          <td>
            Dmitrij
          </td>
          <td>
            Dmitrijev
          </td>
          <td>
            Dmitrievich
          </td>
          <td>
            -100
          </td>
          <td>
            blocked
          </td>
          <td>
            <button
              id="editBtn"
              onClick={[Function]}
            >
              Редактировать
            </button>
          </td>
          <td>
            <button
              id="deleteBtn"
              onClick={[Function]}
            >
              Удалить
            </button>
          </td>
        </tr>
        <tr>
          <td>
            Nikolay
          </td>
          <td>
            Nikolayev
          </td>
          <td>
            Nikolaevich
          </td>
          <td>
            70
          </td>
          <td>
            active
          </td>
          <td>
            <button
              id="editBtn"
              onClick={[Function]}
            >
              Редактировать
            </button>
          </td>
          <td>
            <button
              id="deleteBtn"
              onClick={[Function]}
            >
              Удалить
            </button>
          </td>
        </tr>
      </tbody>
    </table>
    <button
      onClick={[Function]}
    >
      Добавить клиента
    </button>
  </div>,
]
`;
